// Jest Snapshot v1, https://goo.gl/fbAQLP

exports[`App renders without crashing 1`] = `
<div
  className="App"
>
  <header
    className="App-header"
  >
    <h1>
      Search For GitHub Events
    </h1>
    <Connect(ReduxForm) />
  </header>
</div>
`;
